// Jest Snapshot v1, https://goo.gl/fbAQLP

exports[`Header renders correctly 1`] = `
<div
  className="sc-bwzfXH hFsjfK"
>
  <div
    className="header-expand"
    onClick={[Function]}
  >
    <span
      className="v-line"
    />
    <span
      className="v-line"
    />
    <span
      className="v-line"
    />
  </div>
  <a
    href="//kubesphere.io"
    target="_blank"
  >
    <SvgMock
      className="header-logo"
    />
  </a>
  <span
    className="sc-htpNat dHujvN"
  >
    <div
      className="ks-search sc-bdVaJa jCORor"
    >
      <SvgMock />
      <input
        onChange={[Function]}
        onKeyUp={[Function]}
        type="text"
      />
    </div>
  </span>
</div>
`;
