// Jest Snapshot v1, https://goo.gl/fbAQLP

exports[`Header renders correctly 1`] = `
<div
  className="sc-bxivhb cwcnTU"
>
  <div
    className="header-expand"
    onClick={[Function]}
  >
    <span
      className="v-line"
    />
    <span
      className="v-line"
    />
    <span
      className="v-line"
    />
  </div>
  <div
    className="sc-htpNat kyrBTg"
  >
    <div
      className="sc-bwzfXH gpGprg"
    >
      <a
        href="//kubesphere.io/"
        target="_blank"
      >
        <SvgMock
          className="logo"
        />
      </a>
      <a
        href="/"
      >
        <p>
          文档中心
        </p>
      </a>
    </div>
  </div>
  <span
    className="sc-ifAKCX fqSaAM"
  >
    <div
      className="ks-search sc-bdVaJa jCORor"
    >
      <SvgMock />
      <input
        onChange={[Function]}
        onKeyUp={[Function]}
        type="text"
      />
    </div>
  </span>
</div>
`;
